id: use-skip
snapshots:
  'type X = unit { : b""; };':
    fixed: 'type X = unit { : skip  b""; };'
    labels:
    - source: ': b"";'
      style: primary
      start: 16
      end: 22
    - source: b""
      style: secondary
      start: 18
      end: 21
  'type X = unit { : bytes &eod; };':
    fixed: 'type X = unit { : skip  bytes &eod; };'
    labels:
    - source: ': bytes &eod;'
      style: primary
      start: 16
      end: 29
    - source: bytes
      style: secondary
      start: 18
      end: 23
  'type X = unit { : int64; };':
    fixed: 'type X = unit { : skip  int64; };'
    labels:
    - source: ': int64;'
      style: primary
      start: 16
      end: 24
    - source: int64
      style: secondary
      start: 18
      end: 23
  'type X = unit { : uint8 if(mod::var==1); };':
    fixed: 'type X = unit { : skip  uint8 if(mod::var==1); };'
    labels:
    - source: ': uint8 if(mod::var==1);'
      style: primary
      start: 16
      end: 40
    - source: uint8
      style: secondary
      start: 18
      end: 23
  'type X = unit { : uint8 {1;} };':
    fixed: 'type X = unit { : skip  uint8 {1;} };'
    labels:
    - source: ': uint8 {1;}'
      style: primary
      start: 16
      end: 28
    - source: uint8
      style: secondary
      start: 18
      end: 23
  'type X = unit { : uint8(1); };':
    fixed: 'type X = unit { : skip  uint8(1); };'
    labels:
    - source: ': uint8(1);'
      style: primary
      start: 16
      end: 27
    - source: uint8
      style: secondary
      start: 18
      end: 23
  'type X = unit { : uint8; };':
    fixed: 'type X = unit { : skip  uint8; };'
    labels:
    - source: ': uint8;'
      style: primary
      start: 16
      end: 24
    - source: uint8
      style: secondary
      start: 18
      end: 23
